2026-06-18 19:30:57 [INFO] qhi: ======================================================================
2026-06-18 19:30:57 [INFO] qhi:   QHI 拼版处理器 v1.2.0 - 数码印刷生产版（安全加固版）
2026-06-18 19:30:57 [INFO] qhi:   启动时间: 2026-06-18 19:30:57
2026-06-18 19:30:57 [INFO] qhi:   Python版本: 3.10.10 (tags/v3.10.10:aad5f6a, Feb  7 2023, 17:20:36) [MSC v.1929 64 bit (AMD64)]
2026-06-18 19:30:57 [INFO] qhi:   操作系统: Windows 10
2026-06-18 19:30:57 [INFO] qhi: ======================================================================
2026-06-18 19:30:57 [INFO] qhi: [运行时] 开始数据库兼容性检查
2026-06-18 19:30:57 [INFO] qhi: 数据库路径: C:\Users\diy\.qhi_processor\qhi_enterprise.db
2026-06-18 19:30:57 [INFO] qhi: 数据库大小: 104.0 KB
2026-06-18 19:30:57 [INFO] qhi: 数据库结构检查通过
2026-06-18 19:30:57 [INFO] qhi: [运行时] 开始初始化可扩展性组件
2026-06-18 19:30:57 [INFO] qhi: 插件管理器已初始化，发现 0 个插件
2026-06-18 19:30:57 [INFO] qhi: 更新检查已在后台启动
2026-06-18 19:30:57 [INFO] qhi: [运行时] 开始创建 Qt 应用窗口
2026-06-18 19:30:57 [INFO] qhi: [运行时] 正在创建主窗口...
2026-06-18 19:31:02 [INFO] qhi: 程序已启动
2026-06-18 19:31:02 [INFO] qhi: ======================================================================
2026-06-18 19:31:02 [INFO] qhi:   QHI 拼版处理器 v35.0.0 所有模块加载完成
2026-06-18 19:31:02 [INFO] qhi:   数据库路径: C:\Users\diy\.qhi_processor\qhi_enterprise.db
2026-06-18 19:31:02 [INFO] qhi:   配置文件: E:\qhi_processor\qhi_config.json
2026-06-18 19:31:02 [INFO] qhi:   i18n: ✅ | 插件(—) | API: — | 更新: ✅ 后台 | 管线: ✅
2026-06-18 19:31:02 [INFO] qhi:   PDF支持: ✅ 是
2026-06-18 19:31:02 [INFO] qhi:   7Z支持: ✅ 是
2026-06-18 19:31:02 [INFO] qhi:   QHI路径: C:\Program Files (x86)\Quite\Quite Hot Imposing 5\qi_applycommands.exe
2026-06-18 19:31:02 [INFO] qhi:   WinRAR路径: C:\Program Files\WinRAR\WinRAR.exe
2026-06-18 19:31:02 [INFO] qhi: ======================================================================
2026-06-18 19:31:02 [INFO] qhi: ----------------------------------------------------------------------
2026-06-18 19:31:02 [INFO] qhi: [运行时] 进入 Qt 事件循环
2026-06-18 19:31:35 [INFO] qhi: ======================================================================
2026-06-18 19:31:35 [INFO] qhi:   QHI 拼版处理器 v1.2.0 - 数码印刷生产版（安全加固版）
2026-06-18 19:31:35 [INFO] qhi:   启动时间: 2026-06-18 19:31:35
2026-06-18 19:31:35 [INFO] qhi:   Python版本: 3.10.10 (tags/v3.10.10:aad5f6a, Feb  7 2023, 17:20:36) [MSC v.1929 64 bit (AMD64)]
2026-06-18 19:31:35 [INFO] qhi:   操作系统: Windows 10
2026-06-18 19:31:35 [INFO] qhi: ======================================================================
2026-06-18 19:31:35 [INFO] qhi: [运行时] 开始数据库兼容性检查
2026-06-18 19:31:35 [INFO] qhi: 数据库路径: C:\Users\diy\.qhi_processor\qhi_enterprise.db
2026-06-18 19:31:35 [INFO] qhi: 数据库大小: 104.0 KB
2026-06-18 19:31:35 [INFO] qhi: 数据库结构检查通过
2026-06-18 19:31:35 [INFO] qhi: [运行时] 开始初始化可扩展性组件
2026-06-18 19:31:35 [INFO] qhi: 插件管理器已初始化，发现 0 个插件
2026-06-18 19:31:35 [INFO] qhi: 更新检查已在后台启动
2026-06-18 19:31:35 [INFO] qhi: [运行时] 开始创建 Qt 应用窗口
2026-06-18 19:31:36 [INFO] qhi: [运行时] 正在创建主窗口...
2026-06-18 19:31:40 [INFO] qhi: 程序已启动
2026-06-18 19:31:40 [INFO] qhi: ======================================================================
2026-06-18 19:31:40 [INFO] qhi:   QHI 拼版处理器 v1.2.0 所有模块加载完成
2026-06-18 19:31:40 [INFO] qhi:   数据库路径: C:\Users\diy\.qhi_processor\qhi_enterprise.db
2026-06-18 19:31:40 [INFO] qhi:   配置文件: E:\qhi_processor\qhi_config.json
2026-06-18 19:31:40 [INFO] qhi:   i18n: [OK] | 插件(--) | API: -- | 更新: [OK] 后台 | 管线: [OK]
2026-06-18 19:31:40 [INFO] qhi:   PDF支持: [OK] 是
2026-06-18 19:31:40 [INFO] qhi:   7Z支持: [OK] 是
2026-06-18 19:31:40 [INFO] qhi:   QHI路径: C:\Program Files (x86)\Quite\Quite Hot Imposing 5\qi_applycommands.exe
2026-06-18 19:31:40 [INFO] qhi:   WinRAR路径: C:\Program Files\WinRAR\WinRAR.exe
2026-06-18 19:31:40 [INFO] qhi: ======================================================================
2026-06-18 19:31:40 [INFO] qhi: ----------------------------------------------------------------------
2026-06-18 19:31:40 [INFO] qhi: [运行时] 进入 Qt 事件循环
2026-06-18 20:54:53 [INFO] qhi: ======================================================================
2026-06-18 20:54:53 [INFO] qhi:   QHI 拼版处理器 v1.2.0 - 数码印刷生产版（安全加固版）
2026-06-18 20:54:53 [INFO] qhi:   启动时间: 2026-06-18 20:54:53
2026-06-18 20:54:53 [INFO] qhi:   Python版本: 3.10.10 (tags/v3.10.10:aad5f6a, Feb  7 2023, 17:20:36) [MSC v.1929 64 bit (AMD64)]
2026-06-18 20:54:53 [INFO] qhi:   操作系统: Windows 10
2026-06-18 20:54:53 [INFO] qhi: ======================================================================
2026-06-18 20:54:53 [INFO] qhi: [运行时] 开始数据库兼容性检查
2026-06-18 20:54:53 [INFO] qhi: 数据库路径: C:\Users\diy\.qhi_processor\qhi_enterprise.db
2026-06-18 20:54:53 [INFO] qhi: 数据库大小: 104.0 KB
2026-06-18 20:54:53 [INFO] qhi: 数据库结构检查通过
2026-06-18 20:54:53 [INFO] qhi: [运行时] 开始初始化可扩展性组件
2026-06-18 20:54:53 [INFO] qhi: 插件管理器已初始化，发现 0 个插件
2026-06-18 20:54:53 [INFO] qhi: 更新检查已在后台启动
2026-06-18 20:54:53 [INFO] qhi: [运行时] 开始创建 Qt 应用窗口
2026-06-18 20:54:53 [INFO] qhi: [运行时] 正在创建主窗口...
2026-06-18 20:54:58 [INFO] qhi: 程序已启动
2026-06-18 20:54:58 [INFO] qhi: ======================================================================
2026-06-18 20:54:58 [INFO] qhi:   QHI 拼版处理器 v1.2.0 所有模块加载完成
2026-06-18 20:54:58 [INFO] qhi:   数据库路径: C:\Users\diy\.qhi_processor\qhi_enterprise.db
2026-06-18 20:54:58 [INFO] qhi:   配置文件: E:\qhi_processor\qhi_config.json
2026-06-18 20:54:58 [INFO] qhi:   i18n: [OK] | 插件(--) | API: -- | 更新: [OK] 后台 | 管线: [OK]
2026-06-18 20:54:58 [INFO] qhi:   PDF支持: [OK] 是
2026-06-18 20:54:58 [INFO] qhi:   7Z支持: [OK] 是
2026-06-18 20:54:58 [INFO] qhi:   QHI路径: C:\Program Files (x86)\Quite\Quite Hot Imposing 5\qi_applycommands.exe
2026-06-18 20:54:58 [INFO] qhi:   WinRAR路径: C:\Program Files\WinRAR\WinRAR.exe
2026-06-18 20:54:58 [INFO] qhi: ======================================================================
2026-06-18 20:54:58 [INFO] qhi: ----------------------------------------------------------------------
2026-06-18 20:54:58 [INFO] qhi: [运行时] 进入 Qt 事件循环
2026-06-18 21:16:11 [INFO] qhi: ======================================================================
2026-06-18 21:16:11 [INFO] qhi:   QHI 拼版处理器 v1.2.0 - 数码印刷生产版（安全加固版）
2026-06-18 21:16:11 [INFO] qhi:   启动时间: 2026-06-18 21:16:11
2026-06-18 21:16:11 [INFO] qhi:   Python版本: 3.10.10 (tags/v3.10.10:aad5f6a, Feb  7 2023, 17:20:36) [MSC v.1929 64 bit (AMD64)]
2026-06-18 21:16:11 [INFO] qhi:   操作系统: Windows 10
2026-06-18 21:16:11 [INFO] qhi: ======================================================================
2026-06-18 21:16:11 [INFO] qhi: [版权保护] 开始授权检查
2026-06-18 21:16:11 [INFO] qhi: [版权保护] 试用期，剩余 29 天 / 99 次启动
2026-06-18 21:38:17 [INFO] qhi: ======================================================================
2026-06-18 21:38:17 [INFO] qhi:   QHI 拼版处理器 v1.2.0 - 数码印刷生产版（安全加固版）
2026-06-18 21:38:17 [INFO] qhi:   启动时间: 2026-06-18 21:38:17
2026-06-18 21:38:17 [INFO] qhi:   Python版本: 3.10.10 (tags/v3.10.10:aad5f6a, Feb  7 2023, 17:20:36) [MSC v.1929 64 bit (AMD64)]
2026-06-18 21:38:17 [INFO] qhi:   操作系统: Windows 10
2026-06-18 21:38:17 [INFO] qhi: ======================================================================
2026-06-18 21:38:17 [INFO] qhi: [版权保护] 开始授权检查
2026-06-18 21:38:17 [INFO] qhi: [版权保护] 授权有效，剩余 364 天
2026-06-18 21:38:17 [INFO] qhi: [运行时] 开始数据库兼容性检查
2026-06-18 21:38:17 [INFO] qhi: 数据库路径: C:\Users\diy\.qhi_processor\qhi_enterprise.db
2026-06-18 21:38:17 [INFO] qhi: 数据库大小: 104.0 KB
2026-06-18 21:38:17 [INFO] qhi: 数据库结构检查通过
2026-06-18 21:38:17 [INFO] qhi: [运行时] 开始初始化可扩展性组件
2026-06-18 21:38:17 [INFO] qhi: 插件管理器已初始化，发现 0 个插件
2026-06-18 21:38:17 [INFO] qhi: 更新检查已在后台启动
2026-06-18 21:38:17 [INFO] qhi: [运行时] 开始创建 Qt 应用窗口
2026-06-18 21:38:17 [INFO] qhi: [运行时] 正在创建主窗口...
2026-06-18 21:38:26 [INFO] qhi: 程序已启动
2026-06-18 21:38:26 [INFO] qhi: ======================================================================
2026-06-18 21:38:26 [INFO] qhi:   QHI 拼版处理器 v1.2.0 所有模块加载完成
2026-06-18 21:38:26 [INFO] qhi:   数据库路径: C:\Users\diy\.qhi_processor\qhi_enterprise.db
2026-06-18 21:38:26 [INFO] qhi:   配置文件: E:\qhi_processor\qhi_config.json
2026-06-18 21:38:26 [INFO] qhi:   授权状态: [OK] 有效 (364天)
2026-06-18 21:38:26 [INFO] qhi:   i18n: [OK] | 插件(--) | API: -- | 更新: [OK] 后台 | 管线: [OK]
2026-06-18 21:38:26 [INFO] qhi:   PDF支持: [OK] 是
2026-06-18 21:38:26 [INFO] qhi:   7Z支持: [OK] 是
2026-06-18 21:38:26 [INFO] qhi:   QHI路径: C:\Program Files (x86)\Quite\Quite Hot Imposing 5\qi_applycommands.exe
2026-06-18 21:38:26 [INFO] qhi:   WinRAR路径: C:\Program Files\WinRAR\WinRAR.exe
2026-06-18 21:38:26 [INFO] qhi: ======================================================================
2026-06-18 21:38:26 [INFO] qhi: ----------------------------------------------------------------------
2026-06-18 21:38:26 [INFO] qhi: [运行时] 进入 Qt 事件循环
2026-06-18 22:17:53 [INFO] qhi: ======================================================================
2026-06-18 22:17:53 [INFO] qhi:   QHI 拼版处理器 v1.2.0 - 数码印刷生产版（安全加固版）
2026-06-18 22:17:53 [INFO] qhi:   启动时间: 2026-06-18 22:17:53
2026-06-18 22:17:53 [INFO] qhi:   Python版本: 3.10.10 (tags/v3.10.10:aad5f6a, Feb  7 2023, 17:20:36) [MSC v.1929 64 bit (AMD64)]
2026-06-18 22:17:53 [INFO] qhi:   操作系统: Windows 10
2026-06-18 22:17:53 [INFO] qhi: ======================================================================
2026-06-18 22:17:53 [INFO] qhi: [版权保护] 开始授权检查
2026-06-18 22:17:53 [INFO] qhi: [版权保护] 授权有效，剩余 364 天
2026-06-18 22:17:53 [INFO] qhi: [运行时] 开始数据库兼容性检查
2026-06-18 22:17:53 [INFO] qhi: 数据库路径: C:\Users\diy\.qhi_processor\qhi_enterprise.db
2026-06-18 22:17:53 [INFO] qhi: 数据库大小: 104.0 KB
2026-06-18 22:17:53 [INFO] qhi: 数据库结构检查通过
2026-06-18 22:17:53 [INFO] qhi: [运行时] 开始初始化可扩展性组件
2026-06-18 22:17:53 [INFO] qhi: 插件管理器已初始化，发现 0 个插件
2026-06-18 22:17:53 [INFO] qhi: 更新检查已在后台启动
2026-06-18 22:17:53 [INFO] qhi: [运行时] 开始创建 Qt 应用窗口
2026-06-18 22:17:53 [INFO] qhi: [运行时] 正在创建主窗口...
2026-06-18 22:17:53 [ERROR] qhi: 创建主窗口失败: no such column: finished_at
2026-06-19 01:26:08 [INFO] qhi: ======================================================================
2026-06-19 01:26:08 [INFO] qhi:   QHI 拼版处理器 v1.3.0 - 数码印刷生产版（安全加固版）
2026-06-19 01:26:08 [INFO] qhi:   启动时间: 2026-06-19 01:26:08
2026-06-19 01:26:08 [INFO] qhi:   Python版本: 3.10.10 (tags/v3.10.10:aad5f6a, Feb  7 2023, 17:20:36) [MSC v.1929 64 bit (AMD64)]
2026-06-19 01:26:08 [INFO] qhi:   操作系统: Windows 10
2026-06-19 01:26:08 [INFO] qhi: ======================================================================
2026-06-19 01:26:08 [INFO] qhi: [版权保护] 开始授权检查
2026-06-19 01:26:08 [ERROR] qhi: [版权保护] 授权文件被篡改
2026-06-19 19:17:57 [INFO] qhi: ======================================================================
2026-06-19 19:17:57 [INFO] qhi:   QHI 拼版处理器 v1.3.0 - 数码印刷生产版（安全加固版）
2026-06-19 19:17:57 [INFO] qhi:   启动时间: 2026-06-19 19:17:57
2026-06-19 19:17:57 [INFO] qhi:   Python版本: 3.10.10 (tags/v3.10.10:aad5f6a, Feb  7 2023, 17:20:36) [MSC v.1929 64 bit (AMD64)]
2026-06-19 19:17:57 [INFO] qhi:   操作系统: Windows 10
2026-06-19 19:17:57 [INFO] qhi: ======================================================================
2026-06-19 19:17:57 [INFO] qhi: [版权保护] 开始授权检查
2026-06-19 19:18:10 [INFO] qhi: [运行时] 开始数据库兼容性检查
2026-06-19 19:18:10 [INFO] qhi: 数据库路径: C:\Users\diy\.qhi_processor\qhi_enterprise.db
2026-06-19 19:18:10 [INFO] qhi: 数据库大小: 488.0 KB
2026-06-19 19:18:10 [INFO] qhi: 数据库结构检查通过
2026-06-19 19:18:10 [INFO] qhi: [运行时] 开始初始化可扩展性组件
2026-06-19 19:18:10 [INFO] qhi: 插件管理器已初始化，发现 0 个插件
2026-06-19 19:18:10 [INFO] qhi: 更新检查已在后台启动
2026-06-19 19:18:10 [INFO] qhi: [运行时] 开始创建 Qt 应用窗口
2026-06-19 19:18:10 [INFO] qhi: [运行时] 正在创建主窗口...
2026-06-19 19:18:15 [INFO] qhi: 程序已启动
2026-06-19 19:18:15 [INFO] qhi: ======================================================================
2026-06-19 19:18:15 [INFO] qhi:   QHI 拼版处理器 v1.3.0 所有模块加载完成
2026-06-19 19:18:15 [INFO] qhi:   数据库路径: C:\Users\diy\.qhi_processor\qhi_enterprise.db
2026-06-19 19:18:15 [INFO] qhi:   配置文件: E:\qhi_processor\qhi_config.json
2026-06-19 19:18:15 [INFO] qhi:   授权状态: [试用] (6天)
2026-06-19 19:18:15 [INFO] qhi:   i18n: [OK] | 插件(--) | API: -- | 更新: [OK] 后台 | 管线: [OK]
2026-06-19 19:18:15 [INFO] qhi:   PDF支持: [OK] 是
2026-06-19 19:18:15 [INFO] qhi:   7Z支持: [OK] 是
2026-06-19 19:18:15 [INFO] qhi:   QHI路径: C:\Program Files (x86)\Quite\Quite Hot Imposing 5\qi_applycommands.exe
2026-06-19 19:18:15 [INFO] qhi:   WinRAR路径: C:\Program Files\WinRAR\WinRAR.exe
2026-06-19 19:18:15 [INFO] qhi: ======================================================================
2026-06-19 19:18:15 [INFO] qhi: ----------------------------------------------------------------------
2026-06-19 19:18:15 [INFO] qhi: [运行时] 进入 Qt 事件循环
2026-06-19 19:31:06 [INFO] qhi: [运行时] 程序正常退出
2026-06-19 19:36:50 [INFO] qhi: ======================================================================
2026-06-19 19:36:50 [INFO] qhi:   QHI 拼版处理器 v1.3.0 - 数码印刷生产版（安全加固版）
2026-06-19 19:36:50 [INFO] qhi:   启动时间: 2026-06-19 19:36:50
2026-06-19 19:36:50 [INFO] qhi:   Python版本: 3.10.10 (tags/v3.10.10:aad5f6a, Feb  7 2023, 17:20:36) [MSC v.1929 64 bit (AMD64)]
2026-06-19 19:36:50 [INFO] qhi:   操作系统: Windows 10
2026-06-19 19:36:50 [INFO] qhi: ======================================================================
2026-06-19 19:36:50 [INFO] qhi: [版权保护] 开始授权检查
2026-06-19 19:37:16 [INFO] qhi: [运行时] 开始数据库兼容性检查
2026-06-19 19:37:16 [INFO] qhi: 数据库路径: C:\Users\diy\.qhi_processor\qhi_enterprise.db
2026-06-19 19:37:16 [INFO] qhi: 数据库大小: 496.0 KB
2026-06-19 19:37:16 [INFO] qhi: 数据库结构检查通过
2026-06-19 19:37:16 [INFO] qhi: [运行时] 开始初始化可扩展性组件
2026-06-19 19:37:16 [INFO] qhi: 插件管理器已初始化，发现 0 个插件
2026-06-19 19:37:16 [INFO] qhi: 更新检查已在后台启动
2026-06-19 19:37:16 [INFO] qhi: [运行时] 开始创建 Qt 应用窗口
2026-06-19 19:37:16 [INFO] qhi: [运行时] 正在创建主窗口...
2026-06-19 19:37:21 [INFO] qhi: 程序已启动
2026-06-19 19:37:21 [INFO] qhi: ======================================================================
2026-06-19 19:37:21 [INFO] qhi:   QHI 拼版处理器 v1.3.0 所有模块加载完成
2026-06-19 19:37:21 [INFO] qhi:   数据库路径: C:\Users\diy\.qhi_processor\qhi_enterprise.db
2026-06-19 19:37:21 [INFO] qhi:   配置文件: E:\qhi_processor\qhi_config.json
2026-06-19 19:37:21 [INFO] qhi:   授权状态: [试用] (6天)
2026-06-19 19:37:21 [INFO] qhi:   i18n: [OK] | 插件(--) | API: -- | 更新: [OK] 后台 | 管线: [OK]
2026-06-19 19:37:21 [INFO] qhi:   PDF支持: [OK] 是
2026-06-19 19:37:21 [INFO] qhi:   7Z支持: [OK] 是
2026-06-19 19:37:21 [INFO] qhi:   QHI路径: C:\Program Files (x86)\Quite\Quite Hot Imposing 5\qi_applycommands.exe
2026-06-19 19:37:21 [INFO] qhi:   WinRAR路径: C:\Program Files\WinRAR\WinRAR.exe
2026-06-19 19:37:21 [INFO] qhi: ======================================================================
2026-06-19 19:37:21 [INFO] qhi: ----------------------------------------------------------------------
2026-06-19 19:37:21 [INFO] qhi: [运行时] 进入 Qt 事件循环
2026-06-19 19:38:19 [INFO] qhi: [运行时] 程序正常退出
2026-06-19 19:38:22 [INFO] qhi: ======================================================================
2026-06-19 19:38:22 [INFO] qhi:   QHI 拼版处理器 v1.3.0 - 数码印刷生产版（安全加固版）
2026-06-19 19:38:22 [INFO] qhi:   启动时间: 2026-06-19 19:38:22
2026-06-19 19:38:22 [INFO] qhi:   Python版本: 3.10.10 (tags/v3.10.10:aad5f6a, Feb  7 2023, 17:20:36) [MSC v.1929 64 bit (AMD64)]
2026-06-19 19:38:22 [INFO] qhi:   操作系统: Windows 10
2026-06-19 19:38:22 [INFO] qhi: ======================================================================
2026-06-19 19:38:22 [INFO] qhi: [版权保护] 开始授权检查
2026-06-19 19:38:34 [INFO] qhi: [运行时] 开始数据库兼容性检查
2026-06-19 19:38:34 [INFO] qhi: 数据库路径: C:\Users\diy\.qhi_processor\qhi_enterprise.db
2026-06-19 19:38:34 [INFO] qhi: 数据库大小: 496.0 KB
2026-06-19 19:38:34 [INFO] qhi: 数据库结构检查通过
2026-06-19 19:38:34 [INFO] qhi: [运行时] 开始初始化可扩展性组件
2026-06-19 19:38:34 [INFO] qhi: 插件管理器已初始化，发现 0 个插件
2026-06-19 19:38:34 [INFO] qhi: 更新检查已在后台启动
2026-06-19 19:38:34 [INFO] qhi: [运行时] 开始创建 Qt 应用窗口
2026-06-19 19:38:34 [INFO] qhi: [运行时] 正在创建主窗口...
2026-06-19 19:38:39 [INFO] qhi: 程序已启动
2026-06-19 19:38:39 [INFO] qhi: ======================================================================
2026-06-19 19:38:39 [INFO] qhi:   QHI 拼版处理器 v1.3.0 所有模块加载完成
2026-06-19 19:38:39 [INFO] qhi:   数据库路径: C:\Users\diy\.qhi_processor\qhi_enterprise.db
2026-06-19 19:38:39 [INFO] qhi:   配置文件: E:\qhi_processor\qhi_config.json
2026-06-19 19:38:39 [INFO] qhi:   授权状态: [试用] (6天)
2026-06-19 19:38:39 [INFO] qhi:   i18n: [OK] | 插件(--) | API: -- | 更新: [OK] 后台 | 管线: [OK]
2026-06-19 19:38:39 [INFO] qhi:   PDF支持: [OK] 是
2026-06-19 19:38:39 [INFO] qhi:   7Z支持: [OK] 是
2026-06-19 19:38:39 [INFO] qhi:   QHI路径: C:\Program Files (x86)\Quite\Quite Hot Imposing 5\qi_applycommands.exe
2026-06-19 19:38:39 [INFO] qhi:   WinRAR路径: C:\Program Files\WinRAR\WinRAR.exe
2026-06-19 19:38:39 [INFO] qhi: ======================================================================
2026-06-19 19:38:39 [INFO] qhi: ----------------------------------------------------------------------
2026-06-19 19:38:39 [INFO] qhi: [运行时] 进入 Qt 事件循环
2026-06-19 19:45:18 [INFO] qhi: [运行时] 程序正常退出
2026-06-19 19:57:09 [INFO] qhi: ======================================================================
2026-06-19 19:57:09 [INFO] qhi:   QHI 拼版处理器 v1.3.0 - 数码印刷生产版（安全加固版）
2026-06-19 19:57:09 [INFO] qhi:   启动时间: 2026-06-19 19:57:09
2026-06-19 19:57:09 [INFO] qhi:   Python版本: 3.10.10 (tags/v3.10.10:aad5f6a, Feb  7 2023, 17:20:36) [MSC v.1929 64 bit (AMD64)]
2026-06-19 19:57:09 [INFO] qhi:   操作系统: Windows 10
2026-06-19 19:57:09 [INFO] qhi: ======================================================================
2026-06-19 19:57:09 [INFO] qhi: [版权保护] 开始授权检查
2026-06-19 19:57:54 [INFO] qhi: ======================================================================
2026-06-19 19:57:54 [INFO] qhi:   QHI 拼版处理器 v1.3.0 - 数码印刷生产版（安全加固版）
2026-06-19 19:57:54 [INFO] qhi:   启动时间: 2026-06-19 19:57:54
2026-06-19 19:57:54 [INFO] qhi:   Python版本: 3.10.10 (tags/v3.10.10:aad5f6a, Feb  7 2023, 17:20:36) [MSC v.1929 64 bit (AMD64)]
2026-06-19 19:57:54 [INFO] qhi:   操作系统: Windows 10
2026-06-19 19:57:54 [INFO] qhi: ======================================================================
2026-06-19 19:57:54 [INFO] qhi: [版权保护] 开始授权检查
2026-06-19 19:57:54 [INFO] qhi: [运行时] 开始数据库兼容性检查
2026-06-19 19:57:54 [INFO] qhi: 数据库路径: C:\Users\diy\.qhi_processor\qhi_enterprise.db
2026-06-19 19:57:54 [INFO] qhi: 数据库大小: 496.0 KB
2026-06-19 19:57:54 [INFO] qhi: 数据库结构检查通过
2026-06-19 19:57:54 [INFO] qhi: [运行时] 开始初始化可扩展性组件
2026-06-19 19:57:54 [INFO] qhi: 插件管理器已初始化，发现 0 个插件
2026-06-19 19:57:54 [INFO] qhi: 更新检查已在后台启动
2026-06-19 19:57:54 [INFO] qhi: [运行时] 开始创建 Qt 应用窗口
2026-06-19 19:57:54 [INFO] qhi: [运行时] 正在创建主窗口...
2026-06-19 19:57:59 [INFO] qhi: 程序已启动
2026-06-19 19:57:59 [INFO] qhi: ======================================================================
2026-06-19 19:57:59 [INFO] qhi:   QHI 拼版处理器 v1.3.0 所有模块加载完成
2026-06-19 19:57:59 [INFO] qhi:   数据库路径: C:\Users\diy\.qhi_processor\qhi_enterprise.db
2026-06-19 19:57:59 [INFO] qhi:   配置文件: E:\qhi_processor\qhi_config.json
2026-06-19 19:57:59 [INFO] qhi:   授权状态: [OK] 有效 (364天)
2026-06-19 19:57:59 [INFO] qhi:   i18n: [OK] | 插件(--) | API: -- | 更新: [OK] 后台 | 管线: [OK]
2026-06-19 19:57:59 [INFO] qhi:   PDF支持: [OK] 是
2026-06-19 19:57:59 [INFO] qhi:   7Z支持: [OK] 是
2026-06-19 19:57:59 [INFO] qhi:   QHI路径: C:\Program Files (x86)\Quite\Quite Hot Imposing 5\qi_applycommands.exe
2026-06-19 19:57:59 [INFO] qhi:   WinRAR路径: C:\Program Files\WinRAR\WinRAR.exe
2026-06-19 19:57:59 [INFO] qhi: ======================================================================
2026-06-19 19:57:59 [INFO] qhi: ----------------------------------------------------------------------
2026-06-19 19:57:59 [INFO] qhi: [运行时] 进入 Qt 事件循环
2026-06-19 20:09:41 [INFO] qhi: [运行时] 程序正常退出
2026-06-20 18:55:40 [INFO] qhi: ======================================================================
2026-06-20 18:55:40 [INFO] qhi:   QHI 拼版处理器 v1.3.0 - 数码印刷生产版（安全加固版）
2026-06-20 18:55:40 [INFO] qhi:   启动时间: 2026-06-20 18:55:40
2026-06-20 18:55:40 [INFO] qhi:   Python版本: 3.11.8 (tags/v3.11.8:db85d51, Feb  6 2024, 22:03:32) [MSC v.1937 64 bit (AMD64)]
2026-06-20 18:55:40 [INFO] qhi:   操作系统: Windows 10
2026-06-20 18:55:40 [INFO] qhi: ======================================================================
2026-06-20 18:55:40 [INFO] qhi: [版权保护] 开始授权检查
2026-06-20 21:43:52 [INFO] qhi: ======================================================================
2026-06-20 21:43:52 [INFO] qhi:   QHI 拼版处理器 v0.0.0 - 数码印刷生产版（安全加固版）
2026-06-20 21:43:52 [INFO] qhi:   启动时间: 2026-06-20 21:43:52
2026-06-20 21:43:52 [INFO] qhi:   Python版本: 3.10.10 (tags/v3.10.10:aad5f6a, Feb  7 2023, 17:20:36) [MSC v.1929 64 bit (AMD64)]
2026-06-20 21:43:52 [INFO] qhi:   操作系统: Windows 10
2026-06-20 21:43:52 [INFO] qhi: ======================================================================
2026-06-20 21:43:52 [INFO] qhi: [版权保护] 开始授权检查
2026-06-20 21:43:52 [INFO] qhi: [运行时] 开始数据库兼容性检查
2026-06-20 21:43:52 [INFO] qhi: 数据库路径: C:\Users\diy\.qhi_processor\qhi_enterprise.db
2026-06-20 21:43:52 [INFO] qhi: 数据库大小: 644.0 KB
2026-06-20 21:43:52 [INFO] qhi: 数据库结构检查通过
2026-06-20 21:43:52 [INFO] qhi: [运行时] 开始初始化可扩展性组件
2026-06-20 21:43:52 [INFO] qhi: 插件管理器已初始化，发现 0 个插件
2026-06-20 21:43:52 [INFO] qhi: 更新检查已在后台启动
2026-06-20 21:43:52 [INFO] qhi: [运行时] 开始创建 Qt 应用窗口
2026-06-20 21:43:52 [INFO] qhi: [运行时] 正在创建主窗口...
2026-06-20 21:44:02 [INFO] qhi: 程序已启动
2026-06-20 21:44:02 [INFO] qhi: ======================================================================
2026-06-20 21:44:02 [INFO] qhi:   QHI 拼版处理器 v0.0.0 所有模块加载完成
2026-06-20 21:44:02 [INFO] qhi:   数据库路径: C:\Users\diy\.qhi_processor\qhi_enterprise.db
2026-06-20 21:44:02 [INFO] qhi:   配置文件: E:\qhi_processor\qhi_config.json
2026-06-20 21:44:02 [INFO] qhi:   授权状态: [OK] 有效 (363天)
2026-06-20 21:44:02 [INFO] qhi:   i18n: [OK] | 插件(--) | API: -- | 更新: [OK] 后台 | 管线: [OK]
2026-06-20 21:44:02 [INFO] qhi:   PDF支持: [OK] 是
2026-06-20 21:44:02 [INFO] qhi:   7Z支持: [OK] 是
2026-06-20 21:44:02 [INFO] qhi:   QHI路径: C:\Program Files (x86)\Quite\Quite Hot Imposing 5\qi_applycommands.exe
2026-06-20 21:44:02 [INFO] qhi:   WinRAR路径: C:\Program Files\WinRAR\WinRAR.exe
2026-06-20 21:44:02 [INFO] qhi: ======================================================================
2026-06-20 21:44:02 [INFO] qhi: ----------------------------------------------------------------------
2026-06-20 21:44:02 [INFO] qhi: [运行时] 进入 Qt 事件循环
2026-06-20 23:40:35 [INFO] qhi: ======================================================================
2026-06-20 23:40:35 [INFO] qhi:   QHI 拼版处理器 v0.0.0 - 数码印刷生产版（安全加固版）
2026-06-20 23:40:35 [INFO] qhi:   启动时间: 2026-06-20 23:40:35
2026-06-20 23:40:35 [INFO] qhi:   Python版本: 3.10.10 (tags/v3.10.10:aad5f6a, Feb  7 2023, 17:20:36) [MSC v.1929 64 bit (AMD64)]
2026-06-20 23:40:35 [INFO] qhi:   操作系统: Windows 10
2026-06-20 23:40:35 [INFO] qhi: ======================================================================
2026-06-20 23:40:35 [INFO] qhi: [版权保护] 开始授权检查
2026-06-20 23:40:36 [INFO] qhi: [运行时] 开始数据库兼容性检查
2026-06-20 23:40:36 [INFO] qhi: 数据库路径: C:\Users\diy\.qhi_processor\qhi_enterprise.db
2026-06-20 23:40:36 [INFO] qhi: 数据库大小: 644.0 KB
2026-06-20 23:40:36 [INFO] qhi: 数据库结构检查通过
2026-06-20 23:40:36 [INFO] qhi: [运行时] 开始初始化可扩展性组件
2026-06-20 23:40:36 [INFO] qhi: 插件管理器已初始化，发现 0 个插件
2026-06-20 23:40:36 [INFO] qhi: 更新检查已在后台启动
2026-06-20 23:40:36 [INFO] qhi: [运行时] 开始创建 Qt 应用窗口
2026-06-20 23:40:36 [INFO] qhi: [运行时] 正在创建主窗口...
2026-06-20 23:40:41 [INFO] qhi: 程序已启动
2026-06-20 23:40:41 [INFO] qhi: ======================================================================
2026-06-20 23:40:41 [INFO] qhi:   QHI 拼版处理器 v0.0.0 所有模块加载完成
2026-06-20 23:40:41 [INFO] qhi:   数据库路径: C:\Users\diy\.qhi_processor\qhi_enterprise.db
2026-06-20 23:40:41 [INFO] qhi:   配置文件: E:\qhi_processor\qhi_config.json
2026-06-20 23:40:41 [INFO] qhi:   授权状态: [OK] 有效 (363天)
2026-06-20 23:40:41 [INFO] qhi:   i18n: [OK] | 插件(--) | API: -- | 更新: [OK] 后台 | 管线: [OK]
2026-06-20 23:40:41 [INFO] qhi:   PDF支持: [OK] 是
2026-06-20 23:40:41 [INFO] qhi:   7Z支持: [OK] 是
2026-06-20 23:40:41 [INFO] qhi:   QHI路径: C:\Program Files (x86)\Quite\Quite Hot Imposing 5\qi_applycommands.exe
2026-06-20 23:40:41 [INFO] qhi:   WinRAR路径: C:\Program Files\WinRAR\WinRAR.exe
2026-06-20 23:40:41 [INFO] qhi: ======================================================================
2026-06-20 23:40:41 [INFO] qhi: ----------------------------------------------------------------------
2026-06-20 23:40:41 [INFO] qhi: [运行时] 进入 Qt 事件循环
