[Warning] Unable to enumerate family ' "Why do we blink so frequently? Jungle" '
[Warning] Unable to enumerate family ' "WenYue GuDianMingChaoTi (Non-Commercial Use)" '
[Warning] Unable to enumerate family ' "WenYue GuDianMingChaoTi (Authorization Required)" '
[Warning] Unable to enumerate family ' "Nowar C² CN; keep hinted, like DFKaiShu" '
[Warning] Unable to enumerate family ' "Nowar C² TW; keep hinted, like DFKaiShu" '
[Warning] Unable to enumerate family ' "Why do we blink so frequently? Jungle" '
[Warning] Unable to enumerate family ' "WenYue GuDianMingChaoTi (Non-Commercial Use)" '
[Warning] Unable to enumerate family ' "WenYue GuDianMingChaoTi (Authorization Required)" '
[Warning] Unable to enumerate family ' "Nowar C² CN; keep hinted, like DFKaiShu" '
[Warning] Unable to enumerate family ' "Nowar C² TW; keep hinted, like DFKaiShu" '
[Warning] Unable to enumerate family ' "Why do we blink so frequently? Jungle" '
[Warning] Unable to enumerate family ' "WenYue GuDianMingChaoTi (Non-Commercial Use)" '
[Warning] Unable to enumerate family ' "WenYue GuDianMingChaoTi (Authorization Required)" '
[Warning] Unable to enumerate family ' "Nowar C² CN; keep hinted, like DFKaiShu" '
[Warning] Unable to enumerate family ' "Nowar C² TW; keep hinted, like DFKaiShu" '
[Warning] Unable to enumerate family ' "Why do we blink so frequently? Jungle" '
[Warning] Unable to enumerate family ' "WenYue GuDianMingChaoTi (Non-Commercial Use)" '
[Warning] Unable to enumerate family ' "WenYue GuDianMingChaoTi (Authorization Required)" '
[Warning] Unable to enumerate family ' "Nowar C² CN; keep hinted, like DFKaiShu" '
[Warning] Unable to enumerate family ' "Nowar C² TW; keep hinted, like DFKaiShu" '
[Warning] Unable to enumerate family ' "Why do we blink so frequently? Jungle" '
[Warning] Unable to enumerate family ' "WenYue GuDianMingChaoTi (Non-Commercial Use)" '
[Warning] Unable to enumerate family ' "WenYue GuDianMingChaoTi (Authorization Required)" '
[Warning] Unable to enumerate family ' "Nowar C² CN; keep hinted, like DFKaiShu" '
[Warning] Unable to enumerate family ' "Nowar C² TW; keep hinted, like DFKaiShu" '
[Warning] Unable to enumerate family ' "Why do we blink so frequently? Jungle" '
[Warning] Unable to enumerate family ' "WenYue GuDianMingChaoTi (Non-Commercial Use)" '
[Warning] Unable to enumerate family ' "WenYue GuDianMingChaoTi (Authorization Required)" '
[Warning] Unable to enumerate family ' "Nowar C² CN; keep hinted, like DFKaiShu" '
[Warning] Unable to enumerate family ' "Nowar C² TW; keep hinted, like DFKaiShu" '
[Warning] Unable to enumerate family ' "Why do we blink so frequently? Jungle" '
[Warning] Unable to enumerate family ' "WenYue GuDianMingChaoTi (Non-Commercial Use)" '
[Warning] Unable to enumerate family ' "WenYue GuDianMingChaoTi (Authorization Required)" '
[Warning] Unable to enumerate family ' "Nowar C² CN; keep hinted, like DFKaiShu" '
[Warning] Unable to enumerate family ' "Nowar C² TW; keep hinted, like DFKaiShu" '
[Warning] Unable to enumerate family ' "Why do we blink so frequently? Jungle" '
[Warning] Unable to enumerate family ' "WenYue GuDianMingChaoTi (Non-Commercial Use)" '
[Warning] Unable to enumerate family ' "WenYue GuDianMingChaoTi (Authorization Required)" '
[Warning] Unable to enumerate family ' "Nowar C² CN; keep hinted, like DFKaiShu" '
[Warning] Unable to enumerate family ' "Nowar C² TW; keep hinted, like DFKaiShu" '
[Warning] Unable to enumerate family ' "Why do we blink so frequently? Jungle" '
[Warning] Unable to enumerate family ' "WenYue GuDianMingChaoTi (Non-Commercial Use)" '
[Warning] Unable to enumerate family ' "WenYue GuDianMingChaoTi (Authorization Required)" '
[Warning] Unable to enumerate family ' "Nowar C² CN; keep hinted, like DFKaiShu" '
[Warning] Unable to enumerate family ' "Nowar C² TW; keep hinted, like DFKaiShu" '
[Warning] Unable to enumerate family ' "Nowar C² CN; keep hinted, like DFKaiShu" '
[Warning] Unable to enumerate family ' "Nowar C² TW; keep hinted, like DFKaiShu" '
[Warning] Unable to enumerate family ' "WenYue GuDianMingChaoTi (Authorization Required)" '
[Warning] Unable to enumerate family ' "WenYue GuDianMingChaoTi (Non-Commercial Use)" '
[Warning] Unable to enumerate family ' "Why do we blink so frequently? Jungle" '
[Warning] Unable to enumerate family ' "Why do we blink so frequently? Jungle" '
[Warning] Unable to enumerate family ' "WenYue GuDianMingChaoTi (Non-Commercial Use)" '
[Warning] Unable to enumerate family ' "WenYue GuDianMingChaoTi (Authorization Required)" '
[Warning] Unable to enumerate family ' "Nowar C² CN; keep hinted, like DFKaiShu" '
[Warning] Unable to enumerate family ' "Nowar C² TW; keep hinted, like DFKaiShu" '
[Warning] Unable to enumerate family ' "Why do we blink so frequently? Jungle" '
[Warning] Unable to enumerate family ' "WenYue GuDianMingChaoTi (Non-Commercial Use)" '
[Warning] Unable to enumerate family ' "WenYue GuDianMingChaoTi (Authorization Required)" '
[Warning] Unable to enumerate family ' "Nowar C² CN; keep hinted, like DFKaiShu" '
[Warning] Unable to enumerate family ' "Nowar C² TW; keep hinted, like DFKaiShu" '
[Warning] Unable to enumerate family ' "Why do we blink so frequently? Jungle" '
[Warning] Unable to enumerate family ' "WenYue GuDianMingChaoTi (Non-Commercial Use)" '
[Warning] Unable to enumerate family ' "WenYue GuDianMingChaoTi (Authorization Required)" '
[Warning] Unable to enumerate family ' "Nowar C² CN; keep hinted, like DFKaiShu" '
[Warning] Unable to enumerate family ' "Nowar C² TW; keep hinted, like DFKaiShu" '
[Warning] Unable to enumerate family ' "Why do we blink so frequently? Jungle" '
[Warning] Unable to enumerate family ' "WenYue GuDianMingChaoTi (Non-Commercial Use)" '
[Warning] Unable to enumerate family ' "WenYue GuDianMingChaoTi (Authorization Required)" '
[Warning] Unable to enumerate family ' "Nowar C² CN; keep hinted, like DFKaiShu" '
[Warning] Unable to enumerate family ' "Nowar C² TW; keep hinted, like DFKaiShu" '
[Warning] Unable to enumerate family ' "Why do we blink so frequently? Jungle" '
[Warning] Unable to enumerate family ' "WenYue GuDianMingChaoTi (Non-Commercial Use)" '
[Warning] Unable to enumerate family ' "WenYue GuDianMingChaoTi (Authorization Required)" '
[Warning] Unable to enumerate family ' "Nowar C² CN; keep hinted, like DFKaiShu" '
[Warning] Unable to enumerate family ' "Nowar C² TW; keep hinted, like DFKaiShu" '
[Warning] Unable to enumerate family ' "Why do we blink so frequently? Jungle" '
[Warning] Unable to enumerate family ' "WenYue GuDianMingChaoTi (Non-Commercial Use)" '
[Warning] Unable to enumerate family ' "WenYue GuDianMingChaoTi (Authorization Required)" '
[Warning] Unable to enumerate family ' "Nowar C² CN; keep hinted, like DFKaiShu" '
[Warning] Unable to enumerate family ' "Nowar C² TW; keep hinted, like DFKaiShu" '
[Warning] Unable to enumerate family ' "Why do we blink so frequently? Jungle" '
[Warning] Unable to enumerate family ' "WenYue GuDianMingChaoTi (Non-Commercial Use)" '
[Warning] Unable to enumerate family ' "WenYue GuDianMingChaoTi (Authorization Required)" '
[Warning] Unable to enumerate family ' "Nowar C² CN; keep hinted, like DFKaiShu" '
[Warning] Unable to enumerate family ' "Nowar C² TW; keep hinted, like DFKaiShu" '
[Warning] Unable to enumerate family ' "Why do we blink so frequently? Jungle" '
[Warning] Unable to enumerate family ' "WenYue GuDianMingChaoTi (Non-Commercial Use)" '
[Warning] Unable to enumerate family ' "WenYue GuDianMingChaoTi (Authorization Required)" '
[Warning] Unable to enumerate family ' "Nowar C² CN; keep hinted, like DFKaiShu" '
[Warning] Unable to enumerate family ' "Nowar C² TW; keep hinted, like DFKaiShu" '
[Warning] Unable to enumerate family ' "Nowar C² CN; keep hinted, like DFKaiShu" '
[Warning] Unable to enumerate family ' "Nowar C² TW; keep hinted, like DFKaiShu" '
[Warning] Unable to enumerate family ' "WenYue GuDianMingChaoTi (Authorization Required)" '
[Warning] Unable to enumerate family ' "WenYue GuDianMingChaoTi (Non-Commercial Use)" '
[Warning] Unable to enumerate family ' "Why do we blink so frequently? Jungle" '
[Warning] Unable to enumerate family ' "Why do we blink so frequently? Jungle" '
[Warning] Unable to enumerate family ' "WenYue GuDianMingChaoTi (Non-Commercial Use)" '
[Warning] Unable to enumerate family ' "WenYue GuDianMingChaoTi (Authorization Required)" '
[Warning] Unable to enumerate family ' "Nowar C² CN; keep hinted, like DFKaiShu" '
[Warning] Unable to enumerate family ' "Nowar C² TW; keep hinted, like DFKaiShu" '
[Debug] Unknown property box-shadow
[Debug] Unknown property box-shadow
[Debug] Unknown property box-shadow
[Debug] Unknown property box-shadow
[Debug] Unknown property box-shadow
[Debug] Unknown property box-shadow
[Debug] Unknown property box-shadow
[Debug] Unknown property box-shadow
[Debug] Unknown property box-shadow
[Debug] Unknown property box-shadow
[Debug] Unknown property box-shadow
[Debug] Unknown property box-shadow
[Debug] Unknown property box-shadow
[Debug] Unknown property box-shadow
[Debug] Unknown property box-shadow
[Debug] Unknown property box-shadow
[Debug] Unknown property box-shadow
[Debug] Unknown property box-shadow
[Debug] Unknown property box-shadow
[Debug] Unknown property box-shadow
[Debug] Unknown property box-shadow
[Debug] Unknown property box-shadow
[Debug] Unknown property box-shadow
[Debug] Unknown property box-shadow
[Debug] Unknown property box-shadow
[Debug] Unknown property box-shadow
[Debug] Unknown property box-shadow
[Debug] Unknown property box-shadow
[Debug] Unknown property box-shadow
[Debug] Unknown property box-shadow
[Debug] Unknown property box-shadow
[Debug] Unknown property box-shadow
[Debug] Unknown property box-shadow
[Debug] Unknown property box-shadow
[Debug] Unknown property box-shadow
[Debug] Unknown property box-shadow
[Debug] Unknown property box-shadow
[Debug] Unknown property box-shadow
[Debug] Unknown property box-shadow
[Debug] Unknown property box-shadow
[Debug] Unknown property box-shadow
[Debug] Unknown property box-shadow
[Debug] Unknown property box-shadow
[Debug] Unknown property box-shadow
[Debug] Unknown property box-shadow
